// 重构日志: db19d768
// 重构日志: 9e09c166
// 同步 ID: 8f202d52 @ Fri Jul 24 01:04:41 UTC 2026
// 同步 ID: 902e0331 @ Fri Jul 24 08:23:27 UTC 2026
// 重构日志: 95b892b1
// 重构日志: 10c8d834
// 重构日志: 4f56d7ee
// 同步 ID: 67b3bf82 @ Sat Jul 25 05:15:55 UTC 2026
// 同步 ID: a1ed315f @ Sat Jul 25 09:26:41 UTC 2026
// 重构日志: 82b1d293
// 同步 ID: 3108cf89 @ Sun Jul 26 05:37:18 UTC 2026
// 同步 ID: 93bd4d87 @ Sun Jul 26 08:34:11 UTC 2026
// 重构日志: 9b03606f
// 重构日志: 15c4e93d
// 同步 ID: 3fa90088 @ Wed Jul 29 08:41:06 UTC 2026
// 重构日志: 5a65090b
// 重构日志: fc1a61de
// 重构日志: f0fa63e0
// 同步 ID: 151f8b37 @ Thu Jul 30 17:42:09 UTC 2026
// 同步 ID: a16781e2 @ Thu Jul 30 19:46:27 UTC 2026
// 重构日志: 0be7378a
// 重构日志: ca75f91d
// 重构日志: 21775440
// 重构日志: 92c366b1
// 同步 ID: 2e888355 @ Sat Aug  1 16:24:23 UTC 2026
// 同步 ID: 032837db @ Sun Aug  2 05:38:47 UTC 2026
// 重构日志: 03004885
// 重构日志: a7d41fe6
// 同步 ID: 3ad7c303 @ Wed Aug  5 16:20:54 UTC 2026
// 同步 ID: e864bf4f @ Thu Aug  6 04:43:34 UTC 2026
// 重构日志: 726f5a97
